{
  "appendCommitMessageToRunName": true,
  "buildNumber": "20260930.3",
  "buildNumberRevision": 3,
  "controller": null,
  "definition": {
    "createdDate": null,
    "drafts": [],
    "id": 4,
    "name": "Epicbook-App-Pipeline",
    "path": "\\",
    "project": {
      "abbreviation": null,
      "defaultTeamImageUrl": null,
      "description": null,
      "id": "0043dd54-cb6e-45f9-9f2d-8742b3262588",
      "lastUpdateTime": "2026-09-25T19:28:42.237Z",
      "name": "EpicBook-Deployment",
      "revision": 35,
      "state": "wellFormed",
      "url": "https://dev.azure.com/emmanuelmelanie60/_apis/projects/0043dd54-cb6e-45f9-9f2d-8742b3262588",
      "visibility": "private"
    },
    "queueStatus": "enabled",
    "revision": 2,
    "type": "build",
    "uri": "vstfs:///Build/Definition/4",
    "url": "https://dev.azure.com/emmanuelmelanie60/0043dd54-cb6e-45f9-9f2d-8742b3262588/_apis/build/Definitions/4?revision=2"
  },
  "deleted": null,
  "deletedBy": null,
  "deletedDate": null,
  "deletedReason": null,
  "demands": null,
  "finishTime": "2026-09-30T20:38:41.441726+00:00",
  "id": 33,
  "keepForever": true,
  "lastChangedBy": {
    "descriptor": "s2s.MDAwMDAwMDItMDAwMC04ODg4LTgwMDAtMDAwMDAwMDAwMDAwQDJjODk1OTA4LTA0ZTAtNDk1Mi04OWZkLTU0YjAwNDZkNjI4OA",
    "directoryAlias": null,
    "displayName": "Microsoft.VisualStudio.Services.TFS",
    "id": "00000002-0000-8888-8000-000000000000",
    "imageUrl": "https://dev.azure.com/emmanuelmelanie60/_apis/GraphProfile/MemberAvatars/s2s.MDAwMDAwMDItMDAwMC04ODg4LTgwMDAtMDAwMDAwMDAwMDAwQDJjODk1OTA4LTA0ZTAtNDk1Mi04OWZkLTU0YjAwNDZkNjI4OA",
    "inactive": null,
    "isAadIdentity": null,
    "isContainer": null,
    "isDeletedInOrigin": null,
    "profileUrl": null,
    "uniqueName": "00000002-0000-8888-8000-000000000000@2c895908-04e0-4952-89fd-54b0046d6288",
    "url": "https://spsprodcin3.vssps.visualstudio.com/A37287051-5941-4332-8721-5751d445feaf/_apis/Identities/00000002-0000-8888-8000-000000000000"
  },
  "lastChangedDate": "2026-09-30T20:38:41.567000+00:00",
  "logs": {
    "id": 0,
    "type": "Container",
    "url": "https://dev.azure.com/emmanuelmelanie60/0043dd54-cb6e-45f9-9f2d-8742b3262588/_apis/build/builds/33/logs"
  },
  "orchestrationPlan": {
    "orchestrationType": null,
    "planId": "83496e9c-17a8-48f4-97a8-308e9be0c3e2"
  },
  "parameters": null,
  "plans": [
    {
      "orchestrationType": null,
      "planId": "83496e9c-17a8-48f4-97a8-308e9be0c3e2"
    }
  ],
  "priority": "normal",
  "project": {
    "abbreviation": null,
    "defaultTeamImageUrl": null,
    "description": null,
    "id": "0043dd54-cb6e-45f9-9f2d-8742b3262588",
    "lastUpdateTime": "2026-09-25T19:28:42.237Z",
    "name": "EpicBook-Deployment",
    "revision": 35,
    "state": "wellFormed",
    "url": "https://dev.azure.com/emmanuelmelanie60/_apis/projects/0043dd54-cb6e-45f9-9f2d-8742b3262588",
    "visibility": "private"
  },
  "properties": {},
  "quality": null,
  "queue": {
    "id": 44,
    "name": "Azure Pipelines",
    "pool": {
      "id": 9,
      "isHosted": true,
      "name": "Azure Pipelines"
    },
    "url": null
  },
  "queueOptions": null,
  "queuePosition": null,
  "queueTime": "2026-09-30T20:33:10.992691+00:00",
  "reason": "manual",
  "repository": {
    "checkoutSubmodules": false,
    "clean": null,
    "defaultBranch": null,
    "id": "sundayinibehe75-afk/theepicbook",
    "name": null,
    "properties": null,
    "rootFolder": null,
    "type": "GitHub",
    "url": "https://github.com:443/sundayinibehe75-afk/theepicbook"
  },
  "requestedBy": {
    "descriptor": "msa.NTk0MWM0NWQtNGFkYS03YmM1LTlkMmItYzI1MGQ5NTVhOTk1",
    "directoryAlias": null,
    "displayName": "Abasi Ofiok Emmanuel",
    "id": "5941c45d-4ada-6bc5-9d2b-c250d955a995",
    "imageUrl": "https://dev.azure.com/emmanuelmelanie60/_apis/GraphProfile/MemberAvatars/msa.NTk0MWM0NWQtNGFkYS03YmM1LTlkMmItYzI1MGQ5NTVhOTk1",
    "inactive": null,
    "isAadIdentity": null,
    "isContainer": null,
    "isDeletedInOrigin": null,
    "profileUrl": null,
    "uniqueName": "emmanuelmelanie60@gmail.com",
    "url": "https://spsprodcin3.vssps.visualstudio.com/A37287051-5941-4332-8721-5751d445feaf/_apis/Identities/5941c45d-4ada-6bc5-9d2b-c250d955a995"
  },
  "requestedFor": {
    "descriptor": "msa.NTk0MWM0NWQtNGFkYS03YmM1LTlkMmItYzI1MGQ5NTVhOTk1",
    "directoryAlias": null,
    "displayName": "Abasi Ofiok Emmanuel",
    "id": "5941c45d-4ada-6bc5-9d2b-c250d955a995",
    "imageUrl": "https://dev.azure.com/emmanuelmelanie60/_apis/GraphProfile/MemberAvatars/msa.NTk0MWM0NWQtNGFkYS03YmM1LTlkMmItYzI1MGQ5NTVhOTk1",
    "inactive": null,
    "isAadIdentity": null,
    "isContainer": null,
    "isDeletedInOrigin": null,
    "profileUrl": null,
    "uniqueName": "emmanuelmelanie60@gmail.com",
    "url": "https://spsprodcin3.vssps.visualstudio.com/A37287051-5941-4332-8721-5751d445feaf/_apis/Identities/5941c45d-4ada-6bc5-9d2b-c250d955a995"
  },
  "result": "succeeded",
  "retainedByRelease": false,
  "sourceBranch": "refs/heads/drill/pipeline-failure",
  "sourceVersion": "b0b04f44d0926195420bb64cc3e5a5d8e120c872",
  "startTime": "2026-09-30T20:33:17.292602+00:00",
  "status": "completed",
  "tags": [],
  "triggerInfo": {},
  "triggeredByBuild": null,
  "uri": "vstfs:///Build/Build/33",
  "url": "https://dev.azure.com/emmanuelmelanie60/0043dd54-cb6e-45f9-9f2d-8742b3262588/_apis/build/Builds/33",
  "validationResults": []
}
